Archive member included because of file (symbol)

/usr/lib/gcc/arm-none-eabi/4.8.2/armv6-m/libgcc.a(_udivsi3.o)
                              /media/kienlb/kr_hdd/embedded_programming/kr_firmware_stm32/kr_firmware_stm32f0/build/obj/main.o (__aeabi_uidiv)
/usr/lib/gcc/arm-none-eabi/4.8.2/armv6-m/libgcc.a(_dvmd_tls.o)
                              /usr/lib/gcc/arm-none-eabi/4.8.2/armv6-m/libgcc.a(_udivsi3.o) (__aeabi_idiv0)
/usr/lib/gcc/arm-none-eabi/4.8.2/../../../arm-none-eabi/lib/armv6-m/libg.a(lib_a-atexit.o)
                              /usr/lib/gcc/arm-none-eabi/4.8.2/../../../arm-none-eabi/lib/armv6-m/crt0.o (atexit)
/usr/lib/gcc/arm-none-eabi/4.8.2/../../../arm-none-eabi/lib/armv6-m/libg.a(lib_a-exit.o)
                              /usr/lib/gcc/arm-none-eabi/4.8.2/../../../arm-none-eabi/lib/armv6-m/crt0.o (exit)
/usr/lib/gcc/arm-none-eabi/4.8.2/../../../arm-none-eabi/lib/armv6-m/libg.a(lib_a-fini.o)
                              /usr/lib/gcc/arm-none-eabi/4.8.2/../../../arm-none-eabi/lib/armv6-m/crt0.o (__libc_fini_array)
/usr/lib/gcc/arm-none-eabi/4.8.2/../../../arm-none-eabi/lib/armv6-m/libg.a(lib_a-impure.o)
                              /usr/lib/gcc/arm-none-eabi/4.8.2/../../../arm-none-eabi/lib/armv6-m/libg.a(lib_a-exit.o) (_global_impure_ptr)
/usr/lib/gcc/arm-none-eabi/4.8.2/../../../arm-none-eabi/lib/armv6-m/libg.a(lib_a-init.o)
                              /usr/lib/gcc/arm-none-eabi/4.8.2/../../../arm-none-eabi/lib/armv6-m/crt0.o (__libc_init_array)
/usr/lib/gcc/arm-none-eabi/4.8.2/../../../arm-none-eabi/lib/armv6-m/libg.a(lib_a-memset.o)
                              /usr/lib/gcc/arm-none-eabi/4.8.2/../../../arm-none-eabi/lib/armv6-m/crt0.o (memset)
/usr/lib/gcc/arm-none-eabi/4.8.2/../../../arm-none-eabi/lib/armv6-m/libg.a(lib_a-__atexit.o)
                              /usr/lib/gcc/arm-none-eabi/4.8.2/../../../arm-none-eabi/lib/armv6-m/libg.a(lib_a-atexit.o) (__register_exitproc)
/usr/lib/gcc/arm-none-eabi/4.8.2/../../../arm-none-eabi/lib/armv6-m/libg.a(lib_a-__call_atexit.o)
                              /usr/lib/gcc/arm-none-eabi/4.8.2/../../../arm-none-eabi/lib/armv6-m/libg.a(lib_a-exit.o) (__call_exitprocs)

Discarded input sections

 .text          0x0000000000000000        0x0 /usr/lib/gcc/arm-none-eabi/4.8.2/armv6-m/crti.o
 .data          0x0000000000000000        0x0 /usr/lib/gcc/arm-none-eabi/4.8.2/armv6-m/crti.o
 .bss           0x0000000000000000        0x0 /usr/lib/gcc/arm-none-eabi/4.8.2/armv6-m/crti.o
 .text          0x0000000000000000       0xbc /usr/lib/gcc/arm-none-eabi/4.8.2/armv6-m/crtbegin.o
 .data          0x0000000000000000        0x4 /usr/lib/gcc/arm-none-eabi/4.8.2/armv6-m/crtbegin.o
 .bss           0x0000000000000000       0x1c /usr/lib/gcc/arm-none-eabi/4.8.2/armv6-m/crtbegin.o
 .init_array    0x0000000000000000        0x4 /usr/lib/gcc/arm-none-eabi/4.8.2/armv6-m/crtbegin.o
 .fini_array    0x0000000000000000        0x4 /usr/lib/gcc/arm-none-eabi/4.8.2/armv6-m/crtbegin.o
 .eh_frame      0x0000000000000000        0x0 /usr/lib/gcc/arm-none-eabi/4.8.2/armv6-m/crtbegin.o
 .jcr           0x0000000000000000        0x0 /usr/lib/gcc/arm-none-eabi/4.8.2/armv6-m/crtbegin.o
 .tm_clone_table
                0x0000000000000000        0x0 /usr/lib/gcc/arm-none-eabi/4.8.2/armv6-m/crtbegin.o
 .comment       0x0000000000000000       0x20 /usr/lib/gcc/arm-none-eabi/4.8.2/armv6-m/crtbegin.o
 .ARM.attributes
                0x0000000000000000       0x2c /usr/lib/gcc/arm-none-eabi/4.8.2/armv6-m/crtbegin.o
 .text          0x0000000000000000       0x6c /usr/lib/gcc/arm-none-eabi/4.8.2/../../../arm-none-eabi/lib/armv6-m/crt0.o
 .data          0x0000000000000000        0x0 /usr/lib/gcc/arm-none-eabi/4.8.2/../../../arm-none-eabi/lib/armv6-m/crt0.o
 .bss           0x0000000000000000        0x0 /usr/lib/gcc/arm-none-eabi/4.8.2/../../../arm-none-eabi/lib/armv6-m/crt0.o
 .ARM.extab     0x0000000000000000        0x0 /usr/lib/gcc/arm-none-eabi/4.8.2/../../../arm-none-eabi/lib/armv6-m/crt0.o
 .ARM.exidx     0x0000000000000000        0x8 /usr/lib/gcc/arm-none-eabi/4.8.2/../../../arm-none-eabi/lib/armv6-m/crt0.o
 .ARM.attributes
                0x0000000000000000       0x1b /usr/lib/gcc/arm-none-eabi/4.8.2/../../../arm-none-eabi/lib/armv6-m/crt0.o
 .debug_line    0x0000000000000000       0x80 /usr/lib/gcc/arm-none-eabi/4.8.2/../../../arm-none-eabi/lib/armv6-m/crt0.o
 .debug_info    0x0000000000000000       0x8d /usr/lib/gcc/arm-none-eabi/4.8.2/../../../arm-none-eabi/lib/armv6-m/crt0.o
 .debug_abbrev  0x0000000000000000       0x14 /usr/lib/gcc/arm-none-eabi/4.8.2/../../../arm-none-eabi/lib/armv6-m/crt0.o
 .debug_aranges
                0x0000000000000000       0x20 /usr/lib/gcc/arm-none-eabi/4.8.2/../../../arm-none-eabi/lib/armv6-m/crt0.o
 .text          0x0000000000000000        0x0 /media/kienlb/kr_hdd/embedded_programming/kr_firmware_stm32/kr_firmware_stm32f0/build/obj/main.o
 .data          0x0000000000000000        0x0 /media/kienlb/kr_hdd/embedded_programming/kr_firmware_stm32/kr_firmware_stm32f0/build/obj/main.o
 .bss           0x0000000000000000        0x0 /media/kienlb/kr_hdd/embedded_programming/kr_firmware_stm32/kr_firmware_stm32f0/build/obj/main.o
 .text          0x0000000000000000        0x0 /media/kienlb/kr_hdd/embedded_programming/kr_firmware_stm32/kr_firmware_stm32f0/build/obj/system_stm32f0xx.o
 .data          0x0000000000000000        0x0 /media/kienlb/kr_hdd/embedded_programming/kr_firmware_stm32/kr_firmware_stm32f0/build/obj/system_stm32f0xx.o
 .bss           0x0000000000000000        0x0 /media/kienlb/kr_hdd/embedded_programming/kr_firmware_stm32/kr_firmware_stm32f0/build/obj/system_stm32f0xx.o
 .text.SystemCoreClockUpdate
                0x0000000000000000       0x68 /media/kienlb/kr_hdd/embedded_programming/kr_firmware_stm32/kr_firmware_stm32f0/build/obj/system_stm32f0xx.o
 .data.AHBPrescTable
                0x0000000000000000       0x10 /media/kienlb/kr_hdd/embedded_programming/kr_firmware_stm32/kr_firmware_stm32f0/build/obj/system_stm32f0xx.o
 .text          0x0000000000000000       0x14 /media/kienlb/kr_hdd/embedded_programming/kr_firmware_stm32/kr_firmware_stm32f0/build/obj/startup_stm32f0xx.o
 .data          0x0000000000000000        0x0 /media/kienlb/kr_hdd/embedded_programming/kr_firmware_stm32/kr_firmware_stm32f0/build/obj/startup_stm32f0xx.o
 .bss           0x0000000000000000        0x0 /media/kienlb/kr_hdd/embedded_programming/kr_firmware_stm32/kr_firmware_stm32f0/build/obj/startup_stm32f0xx.o
 .data          0x0000000000000000        0x0 /usr/lib/gcc/arm-none-eabi/4.8.2/armv6-m/libgcc.a(_udivsi3.o)
 .bss           0x0000000000000000        0x0 /usr/lib/gcc/arm-none-eabi/4.8.2/armv6-m/libgcc.a(_udivsi3.o)
 .data          0x0000000000000000        0x0 /usr/lib/gcc/arm-none-eabi/4.8.2/armv6-m/libgcc.a(_dvmd_tls.o)
 .bss           0x0000000000000000        0x0 /usr/lib/gcc/arm-none-eabi/4.8.2/armv6-m/libgcc.a(_dvmd_tls.o)
 .text          0x0000000000000000        0x0 /usr/lib/gcc/arm-none-eabi/4.8.2/../../../arm-none-eabi/lib/armv6-m/libg.a(lib_a-atexit.o)
 .data          0x0000000000000000        0x0 /usr/lib/gcc/arm-none-eabi/4.8.2/../../../arm-none-eabi/lib/armv6-m/libg.a(lib_a-atexit.o)
 .bss           0x0000000000000000        0x0 /usr/lib/gcc/arm-none-eabi/4.8.2/../../../arm-none-eabi/lib/armv6-m/libg.a(lib_a-atexit.o)
 .text.atexit   0x0000000000000000       0x10 /usr/lib/gcc/arm-none-eabi/4.8.2/../../../arm-none-eabi/lib/armv6-m/libg.a(lib_a-atexit.o)
 .debug_info    0x0000000000000000      0x10a /usr/lib/gcc/arm-none-eabi/4.8.2/../../../arm-none-eabi/lib/armv6-m/libg.a(lib_a-atexit.o)
 .debug_abbrev  0x0000000000000000       0xb5 /usr/lib/gcc/arm-none-eabi/4.8.2/../../../arm-none-eabi/lib/armv6-m/libg.a(lib_a-atexit.o)
 .debug_loc     0x0000000000000000       0x2c /usr/lib/gcc/arm-none-eabi/4.8.2/../../../arm-none-eabi/lib/armv6-m/libg.a(lib_a-atexit.o)
 .debug_aranges
                0x0000000000000000       0x20 /usr/lib/gcc/arm-none-eabi/4.8.2/../../../arm-none-eabi/lib/armv6-m/libg.a(lib_a-atexit.o)
 .debug_ranges  0x0000000000000000       0x10 /usr/lib/gcc/arm-none-eabi/4.8.2/../../../arm-none-eabi/lib/armv6-m/libg.a(lib_a-atexit.o)
 .debug_line    0x0000000000000000       0xa7 /usr/lib/gcc/arm-none-eabi/4.8.2/../../../arm-none-eabi/lib/armv6-m/libg.a(lib_a-atexit.o)
 .debug_str     0x0000000000000000      0x1db /usr/lib/gcc/arm-none-eabi/4.8.2/../../../arm-none-eabi/lib/armv6-m/libg.a(lib_a-atexit.o)
 .comment       0x0000000000000000       0x20 /usr/lib/gcc/arm-none-eabi/4.8.2/../../../arm-none-eabi/lib/armv6-m/libg.a(lib_a-atexit.o)
 .ARM.attributes
                0x0000000000000000       0x2c /usr/lib/gcc/arm-none-eabi/4.8.2/../../../arm-none-eabi/lib/armv6-m/libg.a(lib_a-atexit.o)
 .debug_frame   0x0000000000000000       0x28 /usr/lib/gcc/arm-none-eabi/4.8.2/../../../arm-none-eabi/lib/armv6-m/libg.a(lib_a-atexit.o)
 .text          0x0000000000000000        0x0 /usr/lib/gcc/arm-none-eabi/4.8.2/../../../arm-none-eabi/lib/armv6-m/libg.a(lib_a-exit.o)
 .data          0x0000000000000000        0x0 /usr/lib/gcc/arm-none-eabi/4.8.2/../../../arm-none-eabi/lib/armv6-m/libg.a(lib_a-exit.o)
 .bss           0x0000000000000000        0x0 /usr/lib/gcc/arm-none-eabi/4.8.2/../../../arm-none-eabi/lib/armv6-m/libg.a(lib_a-exit.o)
 .text.exit     0x0000000000000000       0x20 /usr/lib/gcc/arm-none-eabi/4.8.2/../../../arm-none-eabi/lib/armv6-m/libg.a(lib_a-exit.o)
 .debug_info    0x0000000000000000      0x8e4 /usr/lib/gcc/arm-none-eabi/4.8.2/../../../arm-none-eabi/lib/armv6-m/libg.a(lib_a-exit.o)
 .debug_abbrev  0x0000000000000000      0x1e6 /usr/lib/gcc/arm-none-eabi/4.8.2/../../../arm-none-eabi/lib/armv6-m/libg.a(lib_a-exit.o)
 .debug_loc     0x0000000000000000       0x1e /usr/lib/gcc/arm-none-eabi/4.8.2/../../../arm-none-eabi/lib/armv6-m/libg.a(lib_a-exit.o)
 .debug_aranges
                0x0000000000000000       0x20 /usr/lib/gcc/arm-none-eabi/4.8.2/../../../arm-none-eabi/lib/armv6-m/libg.a(lib_a-exit.o)
 .debug_ranges  0x0000000000000000       0x10 /usr/lib/gcc/arm-none-eabi/4.8.2/../../../arm-none-eabi/lib/armv6-m/libg.a(lib_a-exit.o)
 .debug_line    0x0000000000000000      0x13f /usr/lib/gcc/arm-none-eabi/4.8.2/../../../arm-none-eabi/lib/armv6-m/libg.a(lib_a-exit.o)
 .debug_str     0x0000000000000000      0x578 /usr/lib/gcc/arm-none-eabi/4.8.2/../../../arm-none-eabi/lib/armv6-m/libg.a(lib_a-exit.o)
 .comment       0x0000000000000000       0x20 /usr/lib/gcc/arm-none-eabi/4.8.2/../../../arm-none-eabi/lib/armv6-m/libg.a(lib_a-exit.o)
 .ARM.attributes
                0x0000000000000000       0x2c /usr/lib/gcc/arm-none-eabi/4.8.2/../../../arm-none-eabi/lib/armv6-m/libg.a(lib_a-exit.o)
 .debug_frame   0x0000000000000000       0x28 /usr/lib/gcc/arm-none-eabi/4.8.2/../../../arm-none-eabi/lib/armv6-m/libg.a(lib_a-exit.o)
 .text          0x0000000000000000        0x0 /usr/lib/gcc/arm-none-eabi/4.8.2/../../../arm-none-eabi/lib/armv6-m/libg.a(lib_a-fini.o)
 .data          0x0000000000000000        0x0 /usr/lib/gcc/arm-none-eabi/4.8.2/../../../arm-none-eabi/lib/armv6-m/libg.a(lib_a-fini.o)
 .bss           0x0000000000000000        0x0 /usr/lib/gcc/arm-none-eabi/4.8.2/../../../arm-none-eabi/lib/armv6-m/libg.a(lib_a-fini.o)
 .text.__libc_fini_array
                0x0000000000000000       0x30 /usr/lib/gcc/arm-none-eabi/4.8.2/../../../arm-none-eabi/lib/armv6-m/libg.a(lib_a-fini.o)
 .debug_info    0x0000000000000000       0xef /usr/lib/gcc/arm-none-eabi/4.8.2/../../../arm-none-eabi/lib/armv6-m/libg.a(lib_a-fini.o)
 .debug_abbrev  0x0000000000000000       0xba /usr/lib/gcc/arm-none-eabi/4.8.2/../../../arm-none-eabi/lib/armv6-m/libg.a(lib_a-fini.o)
 .debug_loc     0x0000000000000000       0x2b /usr/lib/gcc/arm-none-eabi/4.8.2/../../../arm-none-eabi/lib/armv6-m/libg.a(lib_a-fini.o)
 .debug_aranges
                0x0000000000000000       0x20 /usr/lib/gcc/arm-none-eabi/4.8.2/../../../arm-none-eabi/lib/armv6-m/libg.a(lib_a-fini.o)
 .debug_ranges  0x0000000000000000       0x10 /usr/lib/gcc/arm-none-eabi/4.8.2/../../../arm-none-eabi/lib/armv6-m/libg.a(lib_a-fini.o)
 .debug_line    0x0000000000000000       0x9f /usr/lib/gcc/arm-none-eabi/4.8.2/../../../arm-none-eabi/lib/armv6-m/libg.a(lib_a-fini.o)
 .debug_str     0x0000000000000000      0x1d3 /usr/lib/gcc/arm-none-eabi/4.8.2/../../../arm-none-eabi/lib/armv6-m/libg.a(lib_a-fini.o)
 .comment       0x0000000000000000       0x20 /usr/lib/gcc/arm-none-eabi/4.8.2/../../../arm-none-eabi/lib/armv6-m/libg.a(lib_a-fini.o)
 .ARM.attributes
                0x0000000000000000       0x2c /usr/lib/gcc/arm-none-eabi/4.8.2/../../../arm-none-eabi/lib/armv6-m/libg.a(lib_a-fini.o)
 .debug_frame   0x0000000000000000       0x2c /usr/lib/gcc/arm-none-eabi/4.8.2/../../../arm-none-eabi/lib/armv6-m/libg.a(lib_a-fini.o)
 .text          0x0000000000000000        0x0 /usr/lib/gcc/arm-none-eabi/4.8.2/../../../arm-none-eabi/lib/armv6-m/libg.a(lib_a-impure.o)
 .data          0x0000000000000000        0x0 /usr/lib/gcc/arm-none-eabi/4.8.2/../../../arm-none-eabi/lib/armv6-m/libg.a(lib_a-impure.o)
 .bss           0x0000000000000000        0x0 /usr/lib/gcc/arm-none-eabi/4.8.2/../../../arm-none-eabi/lib/armv6-m/libg.a(lib_a-impure.o)
 .data.impure_data
                0x0000000000000000      0x428 /usr/lib/gcc/arm-none-eabi/4.8.2/../../../arm-none-eabi/lib/armv6-m/libg.a(lib_a-impure.o)
 .data._impure_ptr
                0x0000000000000000        0x4 /usr/lib/gcc/arm-none-eabi/4.8.2/../../../arm-none-eabi/lib/armv6-m/libg.a(lib_a-impure.o)
 .rodata.str1.4
                0x0000000000000000        0x4 /usr/lib/gcc/arm-none-eabi/4.8.2/../../../arm-none-eabi/lib/armv6-m/libg.a(lib_a-impure.o)
 .rodata._global_impure_ptr
                0x0000000000000000        0x4 /usr/lib/gcc/arm-none-eabi/4.8.2/../../../arm-none-eabi/lib/armv6-m/libg.a(lib_a-impure.o)
 .debug_info    0x0000000000000000      0x894 /usr/lib/gcc/arm-none-eabi/4.8.2/../../../arm-none-eabi/lib/armv6-m/libg.a(lib_a-impure.o)
 .debug_abbrev  0x0000000000000000      0x180 /usr/lib/gcc/arm-none-eabi/4.8.2/../../../arm-none-eabi/lib/armv6-m/libg.a(lib_a-impure.o)
 .debug_aranges
                0x0000000000000000       0x18 /usr/lib/gcc/arm-none-eabi/4.8.2/../../../arm-none-eabi/lib/armv6-m/libg.a(lib_a-impure.o)
 .debug_line    0x0000000000000000       0xd6 /usr/lib/gcc/arm-none-eabi/4.8.2/../../../arm-none-eabi/lib/armv6-m/libg.a(lib_a-impure.o)
 .debug_str     0x0000000000000000      0x56f /usr/lib/gcc/arm-none-eabi/4.8.2/../../../arm-none-eabi/lib/armv6-m/libg.a(lib_a-impure.o)
 .comment       0x0000000000000000       0x20 /usr/lib/gcc/arm-none-eabi/4.8.2/../../../arm-none-eabi/lib/armv6-m/libg.a(lib_a-impure.o)
 .ARM.attributes
                0x0000000000000000       0x2c /usr/lib/gcc/arm-none-eabi/4.8.2/../../../arm-none-eabi/lib/armv6-m/libg.a(lib_a-impure.o)
 .text          0x0000000000000000        0x0 /usr/lib/gcc/arm-none-eabi/4.8.2/../../../arm-none-eabi/lib/armv6-m/libg.a(lib_a-init.o)
 .data          0x0000000000000000        0x0 /usr/lib/gcc/arm-none-eabi/4.8.2/../../../arm-none-eabi/lib/armv6-m/libg.a(lib_a-init.o)
 .bss           0x0000000000000000        0x0 /usr/lib/gcc/arm-none-eabi/4.8.2/../../../arm-none-eabi/lib/armv6-m/libg.a(lib_a-init.o)
 .text          0x0000000000000000        0x0 /usr/lib/gcc/arm-none-eabi/4.8.2/../../../arm-none-eabi/lib/armv6-m/libg.a(lib_a-memset.o)
 .data          0x0000000000000000        0x0 /usr/lib/gcc/arm-none-eabi/4.8.2/../../../arm-none-eabi/lib/armv6-m/libg.a(lib_a-memset.o)
 .bss           0x0000000000000000        0x0 /usr/lib/gcc/arm-none-eabi/4.8.2/../../../arm-none-eabi/lib/armv6-m/libg.a(lib_a-memset.o)
 .text.memset   0x0000000000000000       0x9c /usr/lib/gcc/arm-none-eabi/4.8.2/../../../arm-none-eabi/lib/armv6-m/libg.a(lib_a-memset.o)
 .debug_info    0x0000000000000000      0x117 /usr/lib/gcc/arm-none-eabi/4.8.2/../../../arm-none-eabi/lib/armv6-m/libg.a(lib_a-memset.o)
 .debug_abbrev  0x0000000000000000       0x9f /usr/lib/gcc/arm-none-eabi/4.8.2/../../../arm-none-eabi/lib/armv6-m/libg.a(lib_a-memset.o)
 .debug_loc     0x0000000000000000      0x1b0 /usr/lib/gcc/arm-none-eabi/4.8.2/../../../arm-none-eabi/lib/armv6-m/libg.a(lib_a-memset.o)
 .debug_aranges
                0x0000000000000000       0x20 /usr/lib/gcc/arm-none-eabi/4.8.2/../../../arm-none-eabi/lib/armv6-m/libg.a(lib_a-memset.o)
 .debug_ranges  0x0000000000000000       0x10 /usr/lib/gcc/arm-none-eabi/4.8.2/../../../arm-none-eabi/lib/armv6-m/libg.a(lib_a-memset.o)
 .debug_line    0x0000000000000000       0xf9 /usr/lib/gcc/arm-none-eabi/4.8.2/../../../arm-none-eabi/lib/armv6-m/libg.a(lib_a-memset.o)
 .debug_str     0x0000000000000000      0x1b2 /usr/lib/gcc/arm-none-eabi/4.8.2/../../../arm-none-eabi/lib/armv6-m/libg.a(lib_a-memset.o)
 .comment       0x0000000000000000       0x20 /usr/lib/gcc/arm-none-eabi/4.8.2/../../../arm-none-eabi/lib/armv6-m/libg.a(lib_a-memset.o)
 .ARM.attributes
                0x0000000000000000       0x2c /usr/lib/gcc/arm-none-eabi/4.8.2/../../../arm-none-eabi/lib/armv6-m/libg.a(lib_a-memset.o)
 .debug_frame   0x0000000000000000       0x30 /usr/lib/gcc/arm-none-eabi/4.8.2/../../../arm-none-eabi/lib/armv6-m/libg.a(lib_a-memset.o)
 .text          0x0000000000000000        0x0 /usr/lib/gcc/arm-none-eabi/4.8.2/../../../arm-none-eabi/lib/armv6-m/libg.a(lib_a-__atexit.o)
 .data          0x0000000000000000        0x0 /usr/lib/gcc/arm-none-eabi/4.8.2/../../../arm-none-eabi/lib/armv6-m/libg.a(lib_a-__atexit.o)
 .bss           0x0000000000000000        0x0 /usr/lib/gcc/arm-none-eabi/4.8.2/../../../arm-none-eabi/lib/armv6-m/libg.a(lib_a-__atexit.o)
 .text.__register_exitproc
                0x0000000000000000       0xc0 /usr/lib/gcc/arm-none-eabi/4.8.2/../../../arm-none-eabi/lib/armv6-m/libg.a(lib_a-__atexit.o)
 .debug_info    0x0000000000000000      0x934 /usr/lib/gcc/arm-none-eabi/4.8.2/../../../arm-none-eabi/lib/armv6-m/libg.a(lib_a-__atexit.o)
 .debug_abbrev  0x0000000000000000      0x20f /usr/lib/gcc/arm-none-eabi/4.8.2/../../../arm-none-eabi/lib/armv6-m/libg.a(lib_a-__atexit.o)
 .debug_loc     0x0000000000000000      0x1b9 /usr/lib/gcc/arm-none-eabi/4.8.2/../../../arm-none-eabi/lib/armv6-m/libg.a(lib_a-__atexit.o)
 .debug_aranges
                0x0000000000000000       0x20 /usr/lib/gcc/arm-none-eabi/4.8.2/../../../arm-none-eabi/lib/armv6-m/libg.a(lib_a-__atexit.o)
 .debug_ranges  0x0000000000000000       0x10 /usr/lib/gcc/arm-none-eabi/4.8.2/../../../arm-none-eabi/lib/armv6-m/libg.a(lib_a-__atexit.o)
 .debug_line    0x0000000000000000      0x154 /usr/lib/gcc/arm-none-eabi/4.8.2/../../../arm-none-eabi/lib/armv6-m/libg.a(lib_a-__atexit.o)
 .debug_str     0x0000000000000000      0x5b7 /usr/lib/gcc/arm-none-eabi/4.8.2/../../../arm-none-eabi/lib/armv6-m/libg.a(lib_a-__atexit.o)
 .comment       0x0000000000000000       0x20 /usr/lib/gcc/arm-none-eabi/4.8.2/../../../arm-none-eabi/lib/armv6-m/libg.a(lib_a-__atexit.o)
 .ARM.attributes
                0x0000000000000000       0x2c /usr/lib/gcc/arm-none-eabi/4.8.2/../../../arm-none-eabi/lib/armv6-m/libg.a(lib_a-__atexit.o)
 .debug_frame   0x0000000000000000       0x38 /usr/lib/gcc/arm-none-eabi/4.8.2/../../../arm-none-eabi/lib/armv6-m/libg.a(lib_a-__atexit.o)
 .text          0x0000000000000000        0x0 /usr/lib/gcc/arm-none-eabi/4.8.2/../../../arm-none-eabi/lib/armv6-m/libg.a(lib_a-__call_atexit.o)
 .data          0x0000000000000000        0x0 /usr/lib/gcc/arm-none-eabi/4.8.2/../../../arm-none-eabi/lib/armv6-m/libg.a(lib_a-__call_atexit.o)
 .bss           0x0000000000000000        0x0 /usr/lib/gcc/arm-none-eabi/4.8.2/../../../arm-none-eabi/lib/armv6-m/libg.a(lib_a-__call_atexit.o)
 .text.startup.register_fini
                0x0000000000000000       0x18 /usr/lib/gcc/arm-none-eabi/4.8.2/../../../arm-none-eabi/lib/armv6-m/libg.a(lib_a-__call_atexit.o)
 .init_array.00000
                0x0000000000000000        0x4 /usr/lib/gcc/arm-none-eabi/4.8.2/../../../arm-none-eabi/lib/armv6-m/libg.a(lib_a-__call_atexit.o)
 .text.__call_exitprocs
                0x0000000000000000      0x118 /usr/lib/gcc/arm-none-eabi/4.8.2/../../../arm-none-eabi/lib/armv6-m/libg.a(lib_a-__call_atexit.o)
 .debug_info    0x0000000000000000      0x9aa /usr/lib/gcc/arm-none-eabi/4.8.2/../../../arm-none-eabi/lib/armv6-m/libg.a(lib_a-__call_atexit.o)
 .debug_abbrev  0x0000000000000000      0x282 /usr/lib/gcc/arm-none-eabi/4.8.2/../../../arm-none-eabi/lib/armv6-m/libg.a(lib_a-__call_atexit.o)
 .debug_loc     0x0000000000000000      0x2d4 /usr/lib/gcc/arm-none-eabi/4.8.2/../../../arm-none-eabi/lib/armv6-m/libg.a(lib_a-__call_atexit.o)
 .debug_aranges
                0x0000000000000000       0x28 /usr/lib/gcc/arm-none-eabi/4.8.2/../../../arm-none-eabi/lib/armv6-m/libg.a(lib_a-__call_atexit.o)
 .debug_ranges  0x0000000000000000       0x38 /usr/lib/gcc/arm-none-eabi/4.8.2/../../../arm-none-eabi/lib/armv6-m/libg.a(lib_a-__call_atexit.o)
 .debug_line    0x0000000000000000      0x1a5 /usr/lib/gcc/arm-none-eabi/4.8.2/../../../arm-none-eabi/lib/armv6-m/libg.a(lib_a-__call_atexit.o)
 .debug_str     0x0000000000000000      0x5cf /usr/lib/gcc/arm-none-eabi/4.8.2/../../../arm-none-eabi/lib/armv6-m/libg.a(lib_a-__call_atexit.o)
 .comment       0x0000000000000000       0x20 /usr/lib/gcc/arm-none-eabi/4.8.2/../../../arm-none-eabi/lib/armv6-m/libg.a(lib_a-__call_atexit.o)
 .ARM.attributes
                0x0000000000000000       0x2c /usr/lib/gcc/arm-none-eabi/4.8.2/../../../arm-none-eabi/lib/armv6-m/libg.a(lib_a-__call_atexit.o)
 .debug_frame   0x0000000000000000       0x54 /usr/lib/gcc/arm-none-eabi/4.8.2/../../../arm-none-eabi/lib/armv6-m/libg.a(lib_a-__call_atexit.o)
 .text          0x0000000000000000        0x0 /usr/lib/gcc/arm-none-eabi/4.8.2/armv6-m/crtend.o
 .data          0x0000000000000000        0x0 /usr/lib/gcc/arm-none-eabi/4.8.2/armv6-m/crtend.o
 .bss           0x0000000000000000        0x0 /usr/lib/gcc/arm-none-eabi/4.8.2/armv6-m/crtend.o
 .eh_frame      0x0000000000000000        0x4 /usr/lib/gcc/arm-none-eabi/4.8.2/armv6-m/crtend.o
 .jcr           0x0000000000000000        0x4 /usr/lib/gcc/arm-none-eabi/4.8.2/armv6-m/crtend.o
 .tm_clone_table
                0x0000000000000000        0x0 /usr/lib/gcc/arm-none-eabi/4.8.2/armv6-m/crtend.o
 .comment       0x0000000000000000       0x20 /usr/lib/gcc/arm-none-eabi/4.8.2/armv6-m/crtend.o
 .ARM.attributes
                0x0000000000000000       0x2c /usr/lib/gcc/arm-none-eabi/4.8.2/armv6-m/crtend.o
 .text          0x0000000000000000        0x0 /usr/lib/gcc/arm-none-eabi/4.8.2/armv6-m/crtn.o
 .data          0x0000000000000000        0x0 /usr/lib/gcc/arm-none-eabi/4.8.2/armv6-m/crtn.o
 .bss           0x0000000000000000        0x0 /usr/lib/gcc/arm-none-eabi/4.8.2/armv6-m/crtn.o

Memory Configuration

Name             Origin             Length             Attributes
FLASH            0x0000000008000000 0x0000000000010000 xr
RAM              0x0000000020000000 0x0000000000002000 xrw
*default*        0x0000000000000000 0xffffffffffffffff

Linker script and memory map

LOAD /usr/lib/gcc/arm-none-eabi/4.8.2/armv6-m/crti.o
LOAD /usr/lib/gcc/arm-none-eabi/4.8.2/armv6-m/crtbegin.o
LOAD /usr/lib/gcc/arm-none-eabi/4.8.2/../../../arm-none-eabi/lib/armv6-m/crt0.o
LOAD /media/kienlb/kr_hdd/embedded_programming/kr_firmware_stm32/kr_firmware_stm32f0/build/obj/main.o
LOAD /media/kienlb/kr_hdd/embedded_programming/kr_firmware_stm32/kr_firmware_stm32f0/build/obj/system_stm32f0xx.o
LOAD /media/kienlb/kr_hdd/embedded_programming/kr_firmware_stm32/kr_firmware_stm32f0/build/obj/startup_stm32f0xx.o
LOAD libraries/libstm32f0.a
START GROUP
LOAD /usr/lib/gcc/arm-none-eabi/4.8.2/armv6-m/libgcc.a
LOAD /usr/lib/gcc/arm-none-eabi/4.8.2/../../../arm-none-eabi/lib/armv6-m/libg.a
LOAD /usr/lib/gcc/arm-none-eabi/4.8.2/../../../arm-none-eabi/lib/armv6-m/libc.a
END GROUP
LOAD /usr/lib/gcc/arm-none-eabi/4.8.2/armv6-m/crtend.o
LOAD /usr/lib/gcc/arm-none-eabi/4.8.2/armv6-m/crtn.o
                0x0000000020002000                _estack = 0x20002000

.isr_vector     0x0000000008000000       0xc4
                0x0000000008000000                . = ALIGN (0x4)
 *(.isr_vector)
 .isr_vector    0x0000000008000000       0xc4 /media/kienlb/kr_hdd/embedded_programming/kr_firmware_stm32/kr_firmware_stm32f0/build/obj/startup_stm32f0xx.o
                0x0000000008000000                g_pfnVectors
                0x00000000080000c4                . = ALIGN (0x4)

.text           0x00000000080000c4      0x294
                0x00000000080000c4                . = ALIGN (0x4)
 *(.text)
 .text          0x00000000080000c4       0x9c /usr/lib/gcc/arm-none-eabi/4.8.2/armv6-m/libgcc.a(_udivsi3.o)
                0x00000000080000c4                __udivsi3
                0x00000000080000c4                __aeabi_uidiv
                0x000000000800014c                __aeabi_uidivmod
 .text          0x0000000008000160        0x4 /usr/lib/gcc/arm-none-eabi/4.8.2/armv6-m/libgcc.a(_dvmd_tls.o)
                0x0000000008000160                __aeabi_ldiv0
                0x0000000008000160                __aeabi_idiv0
 *(.text.*)
 .text.SysTick_Handler
                0x0000000008000164       0x2c /media/kienlb/kr_hdd/embedded_programming/kr_firmware_stm32/kr_firmware_stm32f0/build/obj/main.o
                0x0000000008000164                SysTick_Handler
 .text.startup.main
                0x0000000008000190       0x60 /media/kienlb/kr_hdd/embedded_programming/kr_firmware_stm32/kr_firmware_stm32f0/build/obj/main.o
                0x0000000008000190                main
 .text.SystemInit
                0x00000000080001f0       0xb4 /media/kienlb/kr_hdd/embedded_programming/kr_firmware_stm32/kr_firmware_stm32f0/build/obj/system_stm32f0xx.o
                0x00000000080001f0                SystemInit
 .text.Reset_Handler
                0x00000000080002a4       0x50 /media/kienlb/kr_hdd/embedded_programming/kr_firmware_stm32/kr_firmware_stm32f0/build/obj/startup_stm32f0xx.o
                0x00000000080002a4                Reset_Handler
 .text.Default_Handler
                0x00000000080002f4        0x2 /media/kienlb/kr_hdd/embedded_programming/kr_firmware_stm32/kr_firmware_stm32f0/build/obj/startup_stm32f0xx.o
                0x00000000080002f4                TIM1_CC_IRQHandler
                0x00000000080002f4                HardFault_Handler
                0x00000000080002f4                ADC1_COMP_IRQHandler
                0x00000000080002f4                PVD_IRQHandler
                0x00000000080002f4                PendSV_Handler
                0x00000000080002f4                NMI_Handler
                0x00000000080002f4                I2C1_IRQHandler
                0x00000000080002f4                SPI1_IRQHandler
                0x00000000080002f4                TIM6_DAC_IRQHandler
                0x00000000080002f4                EXTI2_3_IRQHandler
                0x00000000080002f4                I2C2_IRQHandler
                0x00000000080002f4                TIM17_IRQHandler
                0x00000000080002f4                RTC_IRQHandler
                0x00000000080002f4                TIM16_IRQHandler
                0x00000000080002f4                TIM3_IRQHandler
                0x00000000080002f4                EXTI4_15_IRQHandler
                0x00000000080002f4                RCC_IRQHandler
                0x00000000080002f4                DMA1_Channel1_IRQHandler
                0x00000000080002f4                Default_Handler
                0x00000000080002f4                CEC_IRQHandler
                0x00000000080002f4                TIM14_IRQHandler
                0x00000000080002f4                DMA1_Channel4_5_IRQHandler
                0x00000000080002f4                TIM15_IRQHandler
                0x00000000080002f4                EXTI0_1_IRQHandler
                0x00000000080002f4                SPI2_IRQHandler
                0x00000000080002f4                SVC_Handler
                0x00000000080002f4                TS_IRQHandler
                0x00000000080002f4                WWDG_IRQHandler
                0x00000000080002f4                TIM2_IRQHandler
                0x00000000080002f4                DMA1_Channel2_3_IRQHandler
                0x00000000080002f4                USART2_IRQHandler
                0x00000000080002f4                FLASH_IRQHandler
                0x00000000080002f4                USART1_IRQHandler
                0x00000000080002f4                TIM1_BRK_UP_TRG_COM_IRQHandler
 *fill*         0x00000000080002f6        0x2 
 .text.__libc_init_array
                0x00000000080002f8       0x48 /usr/lib/gcc/arm-none-eabi/4.8.2/../../../arm-none-eabi/lib/armv6-m/libg.a(lib_a-init.o)
                0x00000000080002f8                __libc_init_array
 *(.rodata)
 *(.rodata*)
 *(.glue_7)
 .glue_7        0x0000000000000000        0x0 linker stubs
 *(.glue_7t)
 .glue_7t       0x0000000000000000        0x0 linker stubs
 *(.init)
 .init          0x0000000008000340        0x4 /usr/lib/gcc/arm-none-eabi/4.8.2/armv6-m/crti.o
                0x0000000008000340                _init
 .init          0x0000000008000344        0x8 /usr/lib/gcc/arm-none-eabi/4.8.2/armv6-m/crtn.o
 *(.fini)
 .fini          0x000000000800034c        0x4 /usr/lib/gcc/arm-none-eabi/4.8.2/armv6-m/crti.o
                0x000000000800034c                _fini
 .fini          0x0000000008000350        0x8 /usr/lib/gcc/arm-none-eabi/4.8.2/armv6-m/crtn.o
                0x0000000008000358                . = ALIGN (0x4)
                0x0000000008000358                _etext = .
                0x0000000008000358                _sidata = _etext

.vfp11_veneer   0x0000000008000358        0x0
 .vfp11_veneer  0x0000000000000000        0x0 linker stubs

.v4_bx          0x0000000008000358        0x0
 .v4_bx         0x0000000000000000        0x0 linker stubs

.iplt           0x0000000008000358        0x0
 .iplt          0x0000000000000000        0x0 /usr/lib/gcc/arm-none-eabi/4.8.2/armv6-m/crtbegin.o

.rel.dyn        0x0000000008000358        0x0
 .rel.iplt      0x0000000000000000        0x0 /usr/lib/gcc/arm-none-eabi/4.8.2/armv6-m/crtbegin.o

.data           0x0000000020000000        0x4 load address 0x0000000008000358
                0x0000000020000000                . = ALIGN (0x4)
                0x0000000020000000                _sdata = .
                0x0000000020000000                _data = .
 *(.data)
 *(.data.*)
 .data.SystemCoreClock
                0x0000000020000000        0x4 /media/kienlb/kr_hdd/embedded_programming/kr_firmware_stm32/kr_firmware_stm32f0/build/obj/system_stm32f0xx.o
                0x0000000020000000                SystemCoreClock
 *(.RAMtext)
                0x0000000020000004                . = ALIGN (0x4)
                0x0000000020000004                _edata = .

.igot.plt       0x0000000020000004        0x0 load address 0x000000000800035c
 .igot.plt      0x0000000000000000        0x0 /usr/lib/gcc/arm-none-eabi/4.8.2/armv6-m/crtbegin.o

.bss            0x0000000020000004        0x4 load address 0x000000000800035c
                0x0000000020000004                . = ALIGN (0x4)
                0x0000000020000004                _sbss = .
                0x0000000020000004                _bss = .
 *(.bss)
 *(.bss.*)
 .bss.tick.5867
                0x0000000020000004        0x2 /media/kienlb/kr_hdd/embedded_programming/kr_firmware_stm32/kr_firmware_stm32f0/build/obj/main.o
 *(COMMON)
                0x0000000020000008                . = ALIGN (0x4)
 *fill*         0x0000000020000006        0x2 
                0x0000000020000008                _ebss = .
                0x0000000020000008                PROVIDE (end, _ebss)
                0x0000000020000008                PROVIDE (_end, _ebss)
                0x0000000020000008                __exidx_start = .
                0x0000000020000008                __exidx_end = .

/DISCARD/
 libc.a(*)
 libm.a(*)
 libgcc.a(*)

.stab
 *(.stab)

.stabstr
 *(.stabstr)

.stab.excl
 *(.stab.excl)

.stab.exclstr
 *(.stab.exclstr)

.stab.index
 *(.stab.index)

.stab.indexstr
 *(.stab.indexstr)

.comment        0x0000000000000000       0x1f
 *(.comment)
 .comment       0x0000000000000000       0x1f /media/kienlb/kr_hdd/embedded_programming/kr_firmware_stm32/kr_firmware_stm32f0/build/obj/main.o
                                         0x20 (size before relaxing)
 .comment       0x0000000000000000       0x20 /media/kienlb/kr_hdd/embedded_programming/kr_firmware_stm32/kr_firmware_stm32f0/build/obj/system_stm32f0xx.o
 .comment       0x0000000000000000       0x20 /usr/lib/gcc/arm-none-eabi/4.8.2/../../../arm-none-eabi/lib/armv6-m/libg.a(lib_a-init.o)

.ARM.attributes
                0x0000000000000000       0x28
 .ARM.attributes
                0x0000000000000000       0x1e /usr/lib/gcc/arm-none-eabi/4.8.2/armv6-m/crti.o
 .ARM.attributes
                0x000000000000001e       0x31 /media/kienlb/kr_hdd/embedded_programming/kr_firmware_stm32/kr_firmware_stm32f0/build/obj/main.o
 .ARM.attributes
                0x000000000000004f       0x31 /media/kienlb/kr_hdd/embedded_programming/kr_firmware_stm32/kr_firmware_stm32f0/build/obj/system_stm32f0xx.o
 .ARM.attributes
                0x0000000000000080       0x21 /media/kienlb/kr_hdd/embedded_programming/kr_firmware_stm32/kr_firmware_stm32f0/build/obj/startup_stm32f0xx.o
 .ARM.attributes
                0x00000000000000a1       0x1e /usr/lib/gcc/arm-none-eabi/4.8.2/armv6-m/libgcc.a(_udivsi3.o)
 .ARM.attributes
                0x00000000000000bf       0x1e /usr/lib/gcc/arm-none-eabi/4.8.2/armv6-m/libgcc.a(_dvmd_tls.o)
 .ARM.attributes
                0x00000000000000dd       0x2c /usr/lib/gcc/arm-none-eabi/4.8.2/../../../arm-none-eabi/lib/armv6-m/libg.a(lib_a-init.o)
 .ARM.attributes
                0x0000000000000109       0x1e /usr/lib/gcc/arm-none-eabi/4.8.2/armv6-m/crtn.o

.debug
 *(.debug)

.line
 *(.line)

.debug_srcinfo
 *(.debug_srcinfo)

.debug_sfnames
 *(.debug_sfnames)

.debug_aranges  0x0000000000000000       0xd8
 *(.debug_aranges)
 .debug_aranges
                0x0000000000000000       0x28 /media/kienlb/kr_hdd/embedded_programming/kr_firmware_stm32/kr_firmware_stm32f0/build/obj/main.o
 .debug_aranges
                0x0000000000000028       0x28 /media/kienlb/kr_hdd/embedded_programming/kr_firmware_stm32/kr_firmware_stm32f0/build/obj/system_stm32f0xx.o
 .debug_aranges
                0x0000000000000050       0x28 /media/kienlb/kr_hdd/embedded_programming/kr_firmware_stm32/kr_firmware_stm32f0/build/obj/startup_stm32f0xx.o
 .debug_aranges
                0x0000000000000078       0x20 /usr/lib/gcc/arm-none-eabi/4.8.2/armv6-m/libgcc.a(_udivsi3.o)
 .debug_aranges
                0x0000000000000098       0x20 /usr/lib/gcc/arm-none-eabi/4.8.2/armv6-m/libgcc.a(_dvmd_tls.o)
 .debug_aranges
                0x00000000000000b8       0x20 /usr/lib/gcc/arm-none-eabi/4.8.2/../../../arm-none-eabi/lib/armv6-m/libg.a(lib_a-init.o)

.debug_pubnames
 *(.debug_pubnames)

.debug_info     0x0000000000000000      0xbe1
 *(.debug_info .gnu.linkonce.wi.*)
 .debug_info    0x0000000000000000      0x5d5 /media/kienlb/kr_hdd/embedded_programming/kr_firmware_stm32/kr_firmware_stm32f0/build/obj/main.o
 .debug_info    0x00000000000005d5      0x2eb /media/kienlb/kr_hdd/embedded_programming/kr_firmware_stm32/kr_firmware_stm32f0/build/obj/system_stm32f0xx.o
 .debug_info    0x00000000000008c0       0xde /media/kienlb/kr_hdd/embedded_programming/kr_firmware_stm32/kr_firmware_stm32f0/build/obj/startup_stm32f0xx.o
 .debug_info    0x000000000000099e       0x9f /usr/lib/gcc/arm-none-eabi/4.8.2/armv6-m/libgcc.a(_udivsi3.o)
 .debug_info    0x0000000000000a3d       0x9f /usr/lib/gcc/arm-none-eabi/4.8.2/armv6-m/libgcc.a(_dvmd_tls.o)
 .debug_info    0x0000000000000adc      0x105 /usr/lib/gcc/arm-none-eabi/4.8.2/../../../arm-none-eabi/lib/armv6-m/libg.a(lib_a-init.o)

.debug_abbrev   0x0000000000000000      0x3b7
 *(.debug_abbrev)
 .debug_abbrev  0x0000000000000000      0x192 /media/kienlb/kr_hdd/embedded_programming/kr_firmware_stm32/kr_firmware_stm32f0/build/obj/main.o
 .debug_abbrev  0x0000000000000192      0x131 /media/kienlb/kr_hdd/embedded_programming/kr_firmware_stm32/kr_firmware_stm32f0/build/obj/system_stm32f0xx.o
 .debug_abbrev  0x00000000000002c3       0x12 /media/kienlb/kr_hdd/embedded_programming/kr_firmware_stm32/kr_firmware_stm32f0/build/obj/startup_stm32f0xx.o
 .debug_abbrev  0x00000000000002d5       0x14 /usr/lib/gcc/arm-none-eabi/4.8.2/armv6-m/libgcc.a(_udivsi3.o)
 .debug_abbrev  0x00000000000002e9       0x14 /usr/lib/gcc/arm-none-eabi/4.8.2/armv6-m/libgcc.a(_dvmd_tls.o)
 .debug_abbrev  0x00000000000002fd       0xba /usr/lib/gcc/arm-none-eabi/4.8.2/../../../arm-none-eabi/lib/armv6-m/libg.a(lib_a-init.o)

.debug_line     0x0000000000000000      0x565
 *(.debug_line)
 .debug_line    0x0000000000000000      0x185 /media/kienlb/kr_hdd/embedded_programming/kr_firmware_stm32/kr_firmware_stm32f0/build/obj/main.o
 .debug_line    0x0000000000000185      0x172 /media/kienlb/kr_hdd/embedded_programming/kr_firmware_stm32/kr_firmware_stm32f0/build/obj/system_stm32f0xx.o
 .debug_line    0x00000000000002f7       0xce /media/kienlb/kr_hdd/embedded_programming/kr_firmware_stm32/kr_firmware_stm32f0/build/obj/startup_stm32f0xx.o
 .debug_line    0x00000000000003c5       0x7c /usr/lib/gcc/arm-none-eabi/4.8.2/armv6-m/libgcc.a(_udivsi3.o)
 .debug_line    0x0000000000000441       0x64 /usr/lib/gcc/arm-none-eabi/4.8.2/armv6-m/libgcc.a(_dvmd_tls.o)
 .debug_line    0x00000000000004a5       0xc0 /usr/lib/gcc/arm-none-eabi/4.8.2/../../../arm-none-eabi/lib/armv6-m/libg.a(lib_a-init.o)

.debug_frame    0x0000000000000000       0xcc
 *(.debug_frame)
 .debug_frame   0x0000000000000000       0x38 /media/kienlb/kr_hdd/embedded_programming/kr_firmware_stm32/kr_firmware_stm32f0/build/obj/main.o
 .debug_frame   0x0000000000000038       0x48 /media/kienlb/kr_hdd/embedded_programming/kr_firmware_stm32/kr_firmware_stm32f0/build/obj/system_stm32f0xx.o
 .debug_frame   0x0000000000000080       0x20 /usr/lib/gcc/arm-none-eabi/4.8.2/armv6-m/libgcc.a(_udivsi3.o)
 .debug_frame   0x00000000000000a0       0x2c /usr/lib/gcc/arm-none-eabi/4.8.2/../../../arm-none-eabi/lib/armv6-m/libg.a(lib_a-init.o)

.debug_str      0x0000000000000000      0x741
 *(.debug_str)
 .debug_str     0x0000000000000000      0x4c5 /media/kienlb/kr_hdd/embedded_programming/kr_firmware_stm32/kr_firmware_stm32f0/build/obj/main.o
                                        0x510 (size before relaxing)
 .debug_str     0x00000000000004c5      0x111 /media/kienlb/kr_hdd/embedded_programming/kr_firmware_stm32/kr_firmware_stm32f0/build/obj/system_stm32f0xx.o
                                        0x2e9 (size before relaxing)
 .debug_str     0x00000000000005d6      0x16b /usr/lib/gcc/arm-none-eabi/4.8.2/../../../arm-none-eabi/lib/armv6-m/libg.a(lib_a-init.o)
                                        0x1fd (size before relaxing)

.debug_loc      0x0000000000000000      0x1c7
 *(.debug_loc)
 .debug_loc     0x0000000000000000       0x3b /media/kienlb/kr_hdd/embedded_programming/kr_firmware_stm32/kr_firmware_stm32f0/build/obj/main.o
 .debug_loc     0x000000000000003b      0x108 /media/kienlb/kr_hdd/embedded_programming/kr_firmware_stm32/kr_firmware_stm32f0/build/obj/system_stm32f0xx.o
 .debug_loc     0x0000000000000143       0x84 /usr/lib/gcc/arm-none-eabi/4.8.2/../../../arm-none-eabi/lib/armv6-m/libg.a(lib_a-init.o)

.debug_macinfo
 *(.debug_macinfo)

.debug_weaknames
 *(.debug_weaknames)

.debug_funcnames
 *(.debug_funcnames)

.debug_typenames
 *(.debug_typenames)

.debug_varnames
 *(.debug_varnames)
OUTPUT(/media/kienlb/kr_hdd/embedded_programming/kr_firmware_stm32/kr_firmware_stm32f0/build/bin/kr_platform_stm32.elf elf32-littlearm)

.debug_ranges   0x0000000000000000       0x78
 .debug_ranges  0x0000000000000000       0x30 /media/kienlb/kr_hdd/embedded_programming/kr_firmware_stm32/kr_firmware_stm32f0/build/obj/main.o
 .debug_ranges  0x0000000000000030       0x18 /media/kienlb/kr_hdd/embedded_programming/kr_firmware_stm32/kr_firmware_stm32f0/build/obj/system_stm32f0xx.o
 .debug_ranges  0x0000000000000048       0x20 /media/kienlb/kr_hdd/embedded_programming/kr_firmware_stm32/kr_firmware_stm32f0/build/obj/startup_stm32f0xx.o
 .debug_ranges  0x0000000000000068       0x10 /usr/lib/gcc/arm-none-eabi/4.8.2/../../../arm-none-eabi/lib/armv6-m/libg.a(lib_a-init.o)
